// Jest Snapshot v1, https://goo.gl/fbAQLP

exports[`render App 1`] = `
<div
  className="App"
>
  <div
    className="country-container "
  >
    <div
      className="search-bar"
    >
      <label>
        Search
        <input
          id="searchbartext"
          onChange={[Function]}
        />
      </label>
    </div>
    <div
      className="loader-container"
    >
      <div
        className="loader"
      />
    </div>
  </div>
</div>
`;
