// Jest Snapshot v1, https://goo.gl/fbAQLP

exports[`render Countries 1`] = `
<div
  className="country-container "
>
  <div
    className="search-bar"
  >
    <label>
      Search
      <input
        id="searchbartext"
        onChange={[Function]}
      />
    </label>
  </div>
  <div
    className="loader-container"
  >
    <div
      className="loader"
    />
  </div>
</div>
`;
