// Jest Snapshot v1, https://goo.gl/fbAQLP

exports[`render Country Card 1`] = `
<div
  className="country"
>
  <h2>
    WonderLand
  </h2>
  <img
    alt="WonderLand"
    aria-describedby="popup-1"
    onClick={[Function]}
    src="svg"
  />
</div>
`;
