// Jest Snapshot v1, https://goo.gl/fbAQLP

exports[`render Loader 1`] = `
<div
  className="loader"
/>
`;
